warning: Git tree '/home/ddukes/workspace/nix-nexus' is dirty
copying path '/nix/store/zds441j554l2dfpda4q42jk9jd5zzmsb-glibc-locales-2.42-61' from 'https://cache.nixos.org'...
copying path '/nix/store/x41l418y4rrhdjnvz0srb5kj5i59b0ip-distribution-nixpkgs-1.7.1.1-data' from 'https://cache.nixos.org'...
copying path '/nix/store/mcmc10r56q882xsrfqwhcvcy57r6xqgs-gnu-config-2024-01-01' from 'https://cache.nixos.org'...
copying path '/nix/store/vayna03pzyn98nlz8y4xcb1nncggb4nz-xgcc-15.2.0-libgcc' from 'https://cache.nixos.org'...
copying path '/nix/store/zf1nv5bf9nc9fbbiqq8z9sxjak1272l1-gcc-15.2.0-libgcc' from 'https://cache.nixos.org'...
copying path '/nix/store/hm5j30dd5xj7lb06hxw17rryjw9h974f-libunistring-1.4.2' from 'https://cache.nixos.org'...
copying path '/nix/store/4ljh596cv90vcy494iin0ssr8mc1i0ch-update-autotools-gnu-config-scripts-hook' from 'https://cache.nixos.org'...
copying path '/nix/store/arz1x4nw447n66z4amkq217k9cnb0iqj-libidn2-2.3.8' from 'https://cache.nixos.org'...
copying path '/nix/store/m8ckqvgrqjipr958qckyvgcgjvfvjz94-glibc-2.42-61' from 'https://cache.nixos.org'...
copying path '/nix/store/6msrhx0m66zp5qqip2ji1a5avs4cmcb3-attr-2.5.2' from 'https://cache.nixos.org'...
copying path '/nix/store/3a7sqxnls1sfbc9v4fkrpbh8gh0z8kra-bash-5.3p9' from 'https://cache.nixos.org'...
copying path '/nix/store/b33812yh6qacsm780r79mmhna1zn4qdw-ed-1.22.5' from 'https://cache.nixos.org'...
copying path '/nix/store/gyl9s5diyh7x8hkr6dbmjfsc9jdhgy1g-bzip2-1.0.8' from 'https://cache.nixos.org'...
copying path '/nix/store/28gh3qmd0c8bh2dnsrb33yhmfdcp6r4f-gawk-5.4.0' from 'https://cache.nixos.org'...
copying path '/nix/store/dcb4bsy8fcn51bw0qp3vwx8q0rzpghd5-gcc-15.2.0-lib' from 'https://cache.nixos.org'...
copying path '/nix/store/azl0q7zqafk80vk5l5i2pirzn78pr2v3-gnumake-4.4.1' from 'https://cache.nixos.org'...
copying path '/nix/store/v5bw9inlszgv4wgas7009fia4l4n0dwv-gnused-4.9' from 'https://cache.nixos.org'...
copying path '/nix/store/kwclb3j7xwxl2fm8f2x9xxr32qn0f5jq-openssl-3.6.1' from 'https://cache.nixos.org'...
copying path '/nix/store/3g7y1xc7spad3j0wyv2y9w834cziiq0v-libffi-3.5.2' from 'https://cache.nixos.org'...
copying path '/nix/store/0143l932ra4a0k5dyh27bmzfs7cdy6ip-pcre2-10.46' from 'https://cache.nixos.org'...
copying path '/nix/store/rlvf6a333114fr59nk6gxbh7zvlnd0nn-xz-5.8.3' from 'https://cache.nixos.org'...
copying path '/nix/store/n0ymm4jicmgvwpwmfdz15ir9wwq0lhnl-zlib-1.3.2' from 'https://cache.nixos.org'...
copying path '/nix/store/nbz640vq3xwmj8305iawjmkd8vwjqai8-acl-2.3.2' from 'https://cache.nixos.org'...
copying path '/nix/store/6fjzn2yb9k7ygnr607hwksllxqcv8g8q-bzip2-1.0.8-bin' from 'https://cache.nixos.org'...
copying path '/nix/store/x2rjwldm3gvv3frdkxv49bcx9c6paxrv-patch-2.8' from 'https://cache.nixos.org'...
copying path '/nix/store/jk0368qgqg2argpw6hshhy3dcbbv3hkl-file-5.45' from 'https://cache.nixos.org'...
copying path '/nix/store/5fy623g2nx25nvaivq32d6fiw40x7y46-xz-5.8.3-bin' from 'https://cache.nixos.org'...
copying path '/nix/store/wnz7kvpf0sz497dna9p6pnbln32hz7k1-gzip-1.14' from 'https://cache.nixos.org'...
copying path '/nix/store/g7mn7yzwavbs72dv6mcganlkqjj1bq9w-gnugrep-3.12' from 'https://cache.nixos.org'...
copying path '/nix/store/fc9dnjlb0h01x20mp2ipgjgxn1avsgfr-gnutar-1.35' from 'https://cache.nixos.org'...
copying path '/nix/store/hh7lslcf2hpp300ffk7h8vbi67n30cgf-gmp-with-cxx-6.3.0' from 'https://cache.nixos.org'...
copying path '/nix/store/mankz3c86fpmhlzgrca5rc854lc909jb-gmp-with-cxx-6.3.0' from 'https://cache.nixos.org'...
copying path '/nix/store/c3ask5fdjg97q76rdf7ngx54la2dji1z-numactl-2.0.18' from 'https://cache.nixos.org'...
copying path '/nix/store/0nhm91rg41gx04lzck4mv24wwhfw7yb4-patchelf-0.15.2' from 'https://cache.nixos.org'...
copying path '/nix/store/k2qzqq97q9jyrqlp7padc8y2ibkjp9s5-cabal2nix-2.21.2' from 'https://cache.nixos.org'...
copying path '/nix/store/xs45f7342j015kywha1dc0asbvvw1xfw-coreutils-9.10' from 'https://cache.nixos.org'...
copying path '/nix/store/6blh5rg9vf5ksyc630lz3r10245yba9r-diffutils-3.12' from 'https://cache.nixos.org'...
copying path '/nix/store/2vawi33dp0n3rr6zhyzh1mva54gzb50y-findutils-4.10.0' from 'https://cache.nixos.org'...
copying path '/nix/store/hsr1isa82zn5c077dsi1w2jjjmh106ca-stdenv-linux' from 'https://cache.nixos.org'...
error:
       … while calling the 'derivationStrict' builtin
         at <nix/derivation-internal.nix>:37:12:
           36|
           37|   strict = derivationStrict drvAttrs;
             |            ^
           38|

       … while evaluating derivation 'home-manager-generation'
         whose name attribute is located at /nix/store/whpmnfw6wj42iy2r38i53kfiqd84mfw7-source/pkgs/stdenv/generic/make-derivation.nix:541:13

       … while evaluating attribute 'buildCommand' of derivation 'home-manager-generation'
         at /nix/store/whpmnfw6wj42iy2r38i53kfiqd84mfw7-source/pkgs/build-support/trivial-builders/default.nix:80:17:
           79|         enableParallelBuilding = true;
           80|         inherit buildCommand name;
             |                 ^
           81|         passAsFile = [ "buildCommand" ] ++ (derivationArgs.passAsFile or [ ]);

       … while evaluating the option `home.activation.installPackages.data':

       … while evaluating definitions from `/nix/store/y9jlpk6lrhf7lhnj9b486fzdps88pdid-source/modules/home-environment.nix':

       (stack trace truncated; use '--show-trace' to show the full, detailed trace)

       error: Cannot build '/nix/store/7mjzy6pdcvrhpf1mc0vc1dz5d67036zg-cabal2nix-cachix.drv'.
       Reason: required system or feature not available
       Required system: 'aarch64-linux' with features {}
       Current system: 'x86_64-linux' with features {benchmark, big-parallel, kvm, nixos-test}
